exports[`MessageList matches snapshot 1`] = `
<MessageList
  chat={Object {}}
  config={Object {}}
  dispatch={[Function]}
  messages={Array []}
  store={
    Object {
      "dispatch": [Function],
      "getState": [Function],
      "subscribe": [Function],
    }
  }
  typing={Object {}} />
`;
