exports[`Chat matches snapshot 1`] = `
<Application
  settingsOpen={false}
  store={
    Object {
      "dispatch": [Function],
      "getState": [Function],
      "subscribe": [Function],
    }
  }
  updateConfig={[Function]} />
`;
