// Jest Snapshot v1, https://goo.gl/fbAQLP

exports[`OperatorSettingsMenu matches snapshot 1`] = `
<OperatorSettingsMenu
  avatar={null}
  dispatch={[MockFunction]}
  operatorName=""
  store={
    Object {
      "dispatch": [MockFunction],
      "getState": [MockFunction] {
        "calls": Array [
          Array [],
          Array [],
        ],
        "results": Array [
          Object {
            "isThrow": false,
            "value": Object {
              "config": Object {},
            },
          },
          Object {
            "isThrow": false,
            "value": Object {
              "config": Object {},
            },
          },
        ],
      },
      "subscribe": [MockFunction] {
        "calls": Array [
          Array [
            [Function],
          ],
        ],
        "results": Array [
          Object {
            "isThrow": false,
            "value": undefined,
          },
        ],
      },
    }
  }
/>
`;
